node:internal/modules/cjs/loader:1147
  throw err;
  ^

Error: Cannot find module 'react-dev-utils/getPublicUrlOrPath'
Require stack:
- C:\Users\shail\Desktop\news\Old-Newspaper-sell-App\node_modules\react-scripts\config\paths.js
- C:\Users\shail\Desktop\news\Old-Newspaper-sell-App\node_modules\react-scripts\config\env.js
- C:\Users\shail\Desktop\news\Old-Newspaper-sell-App\node_modules\react-scripts\scripts\build.js
    at Module._resolveFilename (node:internal/modules/cjs/loader:1144:15)
    at Module._load (node:internal/modules/cjs/loader:985:27)
    at Module.require (node:internal/modules/cjs/loader:1235:19)
    at require (node:internal/modules/helpers:176:18)
    at Object.<anonymous> (C:\Users\shail\Desktop\news\Old-Newspaper-sell-App\node_modules\react-scripts\config\paths.js:13:28)
    at Module._compile (node:internal/modules/cjs/loader:1376:14)
    at Module._extensions..js (node:internal/modules/cjs/loader:1435:10)
    at Module.load (node:internal/modules/cjs/loader:1207:32)
    at Module._load (node:internal/modules/cjs/loader:1023:12)
    at Module.require (node:internal/modules/cjs/loader:1235:19) {
  code: 'MODULE_NOT_FOUND',
  requireStack: [
    'C:\\Users\\shail\\Desktop\\news\\Old-Newspaper-sell-App\\node_modules\\react-scripts\\config\\paths.js',
    'C:\\Users\\shail\\Desktop\\news\\Old-Newspaper-sell-App\\node_modules\\react-scripts\\config\\env.js',
    'C:\\Users\\shail\\Desktop\\news\\Old-Newspaper-sell-App\\node_modules\\react-scripts\\scripts\\build.js'
  ]
}

Node.js v20.11.1
